******************************************************************************
                  TI ARM Linker Unix v16.9.1                   
******************************************************************************
>> Linked Tue May 16 16:51:56 2017

OUTPUT FILE NAME:   <DMM.out>
ENTRY POINT SYMBOL: "_c_int00"  address: 00000f69


MEMORY CONFIGURATION

         name            origin    length      used     unused   attr    fill
----------------------  --------  ---------  --------  --------  ----  --------
  MAIN                  00000000   00040000  00001196  0003ee6a  R  X
  INFO                  00200000   00004000  00000000  00004000  R  X
  SRAM_CODE             01000000   00010000  00000244  0000fdbc  RW X
  SRAM_DATA             20000000   00010000  00000244  0000fdbc  RW  


SEGMENT ALLOCATION MAP

run origin  load origin   length   init length attrs members
----------  ----------- ---------- ----------- ----- -------
00000000    00000000    00001198   00001198    r-x
  00000000    00000000    000000e4   000000e4    r-- .intvecs
  000000e4    000000e4    00001048   00001048    r-x .text
  0000112c    0000112c    0000001a   0000001a    r-- .const
  00001148    00001148    00000050   00000050    r-- .cinit
20000000    20000000    00000044   00000000    rw-
  20000000    20000000    00000040   00000000    rw- .data
  20000040    20000040    00000004   00000000    rw- .bss
2000fe00    2000fe00    00000200   00000000    rw-
  2000fe00    2000fe00    00000200   00000000    rw- .stack


SECTION ALLOCATION MAP

 output                                  attributes/
section   page    origin      length       input sections
--------  ----  ----------  ----------   ----------------
.intvecs   0    00000000    000000e4     
                  00000000    000000e4     startup_msp432p401r_ccs.obj (.intvecs:retain)

.text      0    000000e4    00001048     
                  000000e4    000004e2     terminalControl.obj (.text)
                  000005c6    00000002     rtsv7M4_T_le_v4SPD16_eabi.lib : mpu_init.obj (.text)
                  000005c8    0000032c     system_msp432p401r.obj (.text)
                  000008f4    00000144     main.obj (.text)
                  00000a38    00000136     rtsv7M4_T_le_v4SPD16_eabi.lib : fd_div_t2.obj (.text)
                  00000b6e    000000fc                                   : fd_mul_t2.obj (.text)
                  00000c6a    0000009c                                   : memcpy_t2.obj (.text)
                  00000d06    00000002                                   : startup.obj (.text)
                  00000d08    00000090     uartControl.obj (.text)
                  00000d98    0000007c     adc.obj (.text)
                  00000e14    0000007a     rtsv7M4_T_le_v4SPD16_eabi.lib : memset_t2.obj (.text)
                  00000e8e    00000002     --HOLE-- [fill = 0]
                  00000e90    00000070                                   : autoinit.obj (.text)
                  00000f00    00000068                                   : copy_decompress_lzss.obj (.text:decompress:lzss)
                  00000f68    00000054                                   : boot.obj (.text)
                  00000fbc    00000054                                   : exit.obj (.text)
                  00001010    0000004c                                   : cpy_tbl.obj (.text)
                  0000105c    00000048                                   : fd_toi_t2.obj (.text)
                  000010a4    0000002e                                   : i_tofd_t2.obj (.text)
                  000010d2    00000002     --HOLE-- [fill = 0]
                  000010d4    00000018                                   : args_main.obj (.text)
                  000010ec    00000014                                   : _lock.obj (.text)
                  00001100    0000000e                                   : copy_decompress_none.obj (.text:decompress:none)
                  0000110e    0000000e     startup_msp432p401r_ccs.obj (.text)
                  0000111c    0000000c     rtsv7M4_T_le_v4SPD16_eabi.lib : copy_zero_init.obj (.text:decompress:ZI)
                  00001128    00000004                                   : pre_init.obj (.text)

.const     0    0000112c    0000001a     
                  0000112c    00000009     terminalControl.obj (.const:.string:$P$T0$1)
                  00001135    00000009     terminalControl.obj (.const:.string:$P$T1$2)
                  0000113e    00000004     terminalControl.obj (.const:.string:$P$T2$3)
                  00001142    00000004     terminalControl.obj (.const:.string:$P$T3$4)

.cinit     0    00001148    00000050     
                  00001148    0000002a     (.cinit..data.load) [load image, compression = lzss]
                  00001172    00000002     --HOLE-- [fill = 0]
                  00001174    0000000c     (__TI_handler_table)
                  00001180    00000008     (.cinit..bss.load) [load image, compression = zero_init]
                  00001188    00000010     (__TI_cinit_table)

.init_array 
*          0    00000000    00000000     UNINITIALIZED

.binit     0    00000000    00000000     

.data      0    20000000    00000040     UNINITIALIZED
                  20000000    00000020     main.obj (.data)
                  20000020    0000000c     rtsv7M4_T_le_v4SPD16_eabi.lib : exit.obj (.data:$O1$$)
                  2000002c    00000008                                   : _lock.obj (.data:$O1$$)
                  20000034    00000004     adc.obj (.data)
                  20000038    00000004     rtsv7M4_T_le_v4SPD16_eabi.lib : stkdepth_vars.obj (.data)
                  2000003c    00000004     system_msp432p401r.obj (.data)

.bss       0    20000040    00000004     UNINITIALIZED
                  20000040    00000004     adc.obj (.bss)

.stack     0    2000fe00    00000200     UNINITIALIZED
                  2000fe00    00000200     --HOLE--

MODULE SUMMARY

       Module                        code   ro data   rw data
       ------                        ----   -------   -------
    ./
       terminalControl.obj           1250   26        0      
       system_msp432p401r.obj        812    0         8      
       main.obj                      324    0         64     
       startup_msp432p401r_ccs.obj   14     228       0      
       uartControl.obj               144    0         0      
       adc.obj                       124    0         16     
    +--+-----------------------------+------+---------+---------+
       Total:                        2668   254       88     
                                                             
    /opt/ti/ccsv7/tools/compiler/ti-cgt-arm_16.9.1.LTS/lib/rtsv7M4_T_le_v4SPD16_eabi.lib
       fd_div_t2.obj                 310    0         0      
       fd_mul_t2.obj                 252    0         0      
       memcpy_t2.obj                 156    0         0      
       memset_t2.obj                 122    0         0      
       autoinit.obj                  112    0         0      
       exit.obj                      84     0         24     
       copy_decompress_lzss.obj      104    0         0      
       boot.obj                      84     0         0      
       cpy_tbl.obj                   76     0         0      
       fd_toi_t2.obj                 72     0         0      
       i_tofd_t2.obj                 46     0         0      
       _lock.obj                     20     0         16     
       args_main.obj                 24     0         0      
       copy_decompress_none.obj      14     0         0      
       copy_zero_init.obj            12     0         0      
       stkdepth_vars.obj             0      0         8      
       pre_init.obj                  4      0         0      
       mpu_init.obj                  2      0         0      
       startup.obj                   2      0         0      
    +--+-----------------------------+------+---------+---------+
       Total:                        1496   0         48     
                                                             
       Stack:                        0      0         1024   
       Linker Generated:             0      78        0      
    +--+-----------------------------+------+---------+---------+
       Grand Total:                  4164   332       1160   


LINKER GENERATED COPY TABLES

__TI_cinit_table @ 00001188 records: 2, size/record: 8, table size: 16
	.data: load addr=00001148, load size=0000002a bytes, run addr=20000000, run size=00000040 bytes, compression=lzss
	.bss: load addr=00001180, load size=00000008 bytes, run addr=20000040, run size=00000004 bytes, compression=zero_init


LINKER GENERATED HANDLER TABLE

__TI_handler_table @ 00001174 records: 3, size/record: 4, table size: 12
	index: 0, handler: __TI_decompress_lzss
	index: 1, handler: __TI_decompress_none
	index: 2, handler: __TI_zero_init


GLOBAL SYMBOLS: SORTED ALPHABETICALLY BY Name 

address   name                           
-------   ----                           
00000d99  ADC14_IRQHandler               
00000d99  ADC14_IRQHandler               
0000111b  AES256_IRQHandler              
0000111b  BusFault_Handler               
00000fbd  C$$EXIT                        
0000111b  COMP_E0_IRQHandler             
0000111b  COMP_E1_IRQHandler             
0000111b  CS_IRQHandler                  
0000111b  DMA_ERR_IRQHandler             
0000111b  DMA_INT0_IRQHandler            
0000111b  DMA_INT1_IRQHandler            
0000111b  DMA_INT2_IRQHandler            
0000111b  DMA_INT3_IRQHandler            
0000111b  DebugMon_Handler               
0000111b  Default_Handler                
0000111b  EUSCIA0_IRQHandler             
0000111b  EUSCIA1_IRQHandler             
0000111b  EUSCIA2_IRQHandler             
0000111b  EUSCIA3_IRQHandler             
0000111b  EUSCIB0_IRQHandler             
0000111b  EUSCIB1_IRQHandler             
0000111b  EUSCIB2_IRQHandler             
0000111b  EUSCIB3_IRQHandler             
0000111b  FLCTL_IRQHandler               
0000111b  FPU_IRQHandler                 
0000111b  HardFault_Handler              
0000111b  MemManage_Handler              
0000111b  NMI_Handler                    
0000111b  PCM_IRQHandler                 
0000111b  PORT1_IRQHandler               
0000111b  PORT2_IRQHandler               
0000111b  PORT3_IRQHandler               
0000111b  PORT4_IRQHandler               
0000111b  PORT5_IRQHandler               
0000111b  PORT6_IRQHandler               
0000111b  PSS_IRQHandler                 
0000111b  PendSV_Handler                 
0000111b  RTC_C_IRQHandler               
0000110f  Reset_Handler                  
UNDEFED   SHT$$INIT_ARRAY$$Base          
UNDEFED   SHT$$INIT_ARRAY$$Limit         
0000111b  SVC_Handler                    
0000111b  SysTick_Handler                
2000003c  SystemCoreClock                
000005c9  SystemCoreClockUpdate          
0000083d  SystemInit                     
0000111b  T32_INT1_IRQHandler            
0000111b  T32_INT2_IRQHandler            
0000111b  T32_INTC_IRQHandler            
000009a5  TA0_0_IRQHandler               
000009a5  TA0_0_IRQHandler               
0000111b  TA0_N_IRQHandler               
0000111b  TA1_0_IRQHandler               
0000111b  TA1_N_IRQHandler               
0000111b  TA2_0_IRQHandler               
0000111b  TA2_N_IRQHandler               
0000111b  TA3_0_IRQHandler               
0000111b  TA3_N_IRQHandler               
00000d09  UART0_init                     
0000111b  UsageFault_Handler             
4000480c  WDTCTL_SYM                     
0000111b  WDT_A_IRQHandler               
20010000  __STACK_END                    
00000200  __STACK_SIZE                   
00001188  __TI_CINIT_Base                
00001198  __TI_CINIT_Limit               
00001174  __TI_Handler_Table_Base        
00001180  __TI_Handler_Table_Limit       
00000e91  __TI_auto_init                 
20000020  __TI_cleanup_ptr               
00000f01  __TI_decompress_lzss           
00001101  __TI_decompress_none           
20000024  __TI_dtors_ptr                 
20000028  __TI_enable_exit_profile_output
ffffffff  __TI_pprof_out_hndl            
ffffffff  __TI_prof_data_size            
ffffffff  __TI_prof_data_start           
00000000  __TI_static_base__             
0000111d  __TI_zero_init                 
0000105d  __aeabi_d2iz                   
00000a39  __aeabi_ddiv                   
00000b6f  __aeabi_dmul                   
000010a5  __aeabi_i2d                    
00000e15  __aeabi_memclr                 
00000e15  __aeabi_memclr4                
00000e15  __aeabi_memclr8                
00000c6b  __aeabi_memcpy                 
00000c6b  __aeabi_memcpy4                
00000c6b  __aeabi_memcpy8                
00000e17  __aeabi_memset                 
00000e17  __aeabi_memset4                
00000e17  __aeabi_memset8                
ffffffff  __binit__                      
ffffffff  __c_args__                     
000005c7  __mpu_init                     
2000fe00  __stack                        
000010d5  _args_main                     
00000f69  _c_int00                       
2000002c  _lock                          
000010fb  _nop                           
000010f3  _register_lock                 
000010ed  _register_unlock               
00000d07  _system_post_cinit             
00001129  _system_pre_init               
20000030  _unlock                        
00000fc1  abort                          
20000004  acVolt                         
ffffffff  binit                          
00000ddd  clearSampleReady               
0000020b  clearScreen                    
00001011  copy_in                        
20000008  dcVolt                         
00000da9  enableADCInt                   
00000fc9  exit                           
2000000c  freq                           
0000051d  freqOut                        
00000deb  getReady                       
00000de5  getSample                      
0000021d  initTerminal                   
00000000  interruptVectors               
000008fd  main                           
20000038  main_func_sp                   
20000010  maxSample                      
00000c6b  memcpy                         
00000e1d  memset                         
20000014  minSample                      
000000e5  moveCursor                     
00000183  moveDown                       
000001f9  moveHome                       
00000105  moveRight                      
2000001c  numSamples                     
0000033d  printACGraph                   
00000271  printACVolt                    
00000287  printDCGraph                   
0000025b  printDCVolt                    
000003ed  printFreq                      
00000247  printTitle                     
000003fd  printValues                    
20000000  sampleADC                      
20000018  sampleRate                     
00000d45  sendUART                       
000009e1  setSampleRate                  
00000dd5  setSampleReady                 
00000db3  setupADC                       
00000975  setup_TA0_Int                  
00000451  voltOut                        


GLOBAL SYMBOLS: SORTED BY Symbol Address 

address   name                           
-------   ----                           
00000000  __TI_static_base__             
00000000  interruptVectors               
000000e5  moveCursor                     
00000105  moveRight                      
00000183  moveDown                       
000001f9  moveHome                       
00000200  __STACK_SIZE                   
0000020b  clearScreen                    
0000021d  initTerminal                   
00000247  printTitle                     
0000025b  printDCVolt                    
00000271  printACVolt                    
00000287  printDCGraph                   
0000033d  printACGraph                   
000003ed  printFreq                      
000003fd  printValues                    
00000451  voltOut                        
0000051d  freqOut                        
000005c7  __mpu_init                     
000005c9  SystemCoreClockUpdate          
0000083d  SystemInit                     
000008fd  main                           
00000975  setup_TA0_Int                  
000009a5  TA0_0_IRQHandler               
000009a5  TA0_0_IRQHandler               
000009e1  setSampleRate                  
00000a39  __aeabi_ddiv                   
00000b6f  __aeabi_dmul                   
00000c6b  __aeabi_memcpy                 
00000c6b  __aeabi_memcpy4                
00000c6b  __aeabi_memcpy8                
00000c6b  memcpy                         
00000d07  _system_post_cinit             
00000d09  UART0_init                     
00000d45  sendUART                       
00000d99  ADC14_IRQHandler               
00000d99  ADC14_IRQHandler               
00000da9  enableADCInt                   
00000db3  setupADC                       
00000dd5  setSampleReady                 
00000ddd  clearSampleReady               
00000de5  getSample                      
00000deb  getReady                       
00000e15  __aeabi_memclr                 
00000e15  __aeabi_memclr4                
00000e15  __aeabi_memclr8                
00000e17  __aeabi_memset                 
00000e17  __aeabi_memset4                
00000e17  __aeabi_memset8                
00000e1d  memset                         
00000e91  __TI_auto_init                 
00000f01  __TI_decompress_lzss           
00000f69  _c_int00                       
00000fbd  C$$EXIT                        
00000fc1  abort                          
00000fc9  exit                           
00001011  copy_in                        
0000105d  __aeabi_d2iz                   
000010a5  __aeabi_i2d                    
000010d5  _args_main                     
000010ed  _register_unlock               
000010f3  _register_lock                 
000010fb  _nop                           
00001101  __TI_decompress_none           
0000110f  Reset_Handler                  
0000111b  AES256_IRQHandler              
0000111b  BusFault_Handler               
0000111b  COMP_E0_IRQHandler             
0000111b  COMP_E1_IRQHandler             
0000111b  CS_IRQHandler                  
0000111b  DMA_ERR_IRQHandler             
0000111b  DMA_INT0_IRQHandler            
0000111b  DMA_INT1_IRQHandler            
0000111b  DMA_INT2_IRQHandler            
0000111b  DMA_INT3_IRQHandler            
0000111b  DebugMon_Handler               
0000111b  Default_Handler                
0000111b  EUSCIA0_IRQHandler             
0000111b  EUSCIA1_IRQHandler             
0000111b  EUSCIA2_IRQHandler             
0000111b  EUSCIA3_IRQHandler             
0000111b  EUSCIB0_IRQHandler             
0000111b  EUSCIB1_IRQHandler             
0000111b  EUSCIB2_IRQHandler             
0000111b  EUSCIB3_IRQHandler             
0000111b  FLCTL_IRQHandler               
0000111b  FPU_IRQHandler                 
0000111b  HardFault_Handler              
0000111b  MemManage_Handler              
0000111b  NMI_Handler                    
0000111b  PCM_IRQHandler                 
0000111b  PORT1_IRQHandler               
0000111b  PORT2_IRQHandler               
0000111b  PORT3_IRQHandler               
0000111b  PORT4_IRQHandler               
0000111b  PORT5_IRQHandler               
0000111b  PORT6_IRQHandler               
0000111b  PSS_IRQHandler                 
0000111b  PendSV_Handler                 
0000111b  RTC_C_IRQHandler               
0000111b  SVC_Handler                    
0000111b  SysTick_Handler                
0000111b  T32_INT1_IRQHandler            
0000111b  T32_INT2_IRQHandler            
0000111b  T32_INTC_IRQHandler            
0000111b  TA0_N_IRQHandler               
0000111b  TA1_0_IRQHandler               
0000111b  TA1_N_IRQHandler               
0000111b  TA2_0_IRQHandler               
0000111b  TA2_N_IRQHandler               
0000111b  TA3_0_IRQHandler               
0000111b  TA3_N_IRQHandler               
0000111b  UsageFault_Handler             
0000111b  WDT_A_IRQHandler               
0000111d  __TI_zero_init                 
00001129  _system_pre_init               
00001174  __TI_Handler_Table_Base        
00001180  __TI_Handler_Table_Limit       
00001188  __TI_CINIT_Base                
00001198  __TI_CINIT_Limit               
20000000  sampleADC                      
20000004  acVolt                         
20000008  dcVolt                         
2000000c  freq                           
20000010  maxSample                      
20000014  minSample                      
20000018  sampleRate                     
2000001c  numSamples                     
20000020  __TI_cleanup_ptr               
20000024  __TI_dtors_ptr                 
20000028  __TI_enable_exit_profile_output
2000002c  _lock                          
20000030  _unlock                        
20000038  main_func_sp                   
2000003c  SystemCoreClock                
2000fe00  __stack                        
20010000  __STACK_END                    
4000480c  WDTCTL_SYM                     
ffffffff  __TI_pprof_out_hndl            
ffffffff  __TI_prof_data_size            
ffffffff  __TI_prof_data_start           
ffffffff  __binit__                      
ffffffff  __c_args__                     
ffffffff  binit                          
UNDEFED   SHT$$INIT_ARRAY$$Base          
UNDEFED   SHT$$INIT_ARRAY$$Limit         

[146 symbols]
